// Jest Snapshot v1, https://goo.gl/fbAQLP

exports[`computeOidcRequestHash should look nice 1`] = `"orh_df207b150a2e7ad900aabee8d4aa64e07a6ba19be8cd972a51a824fde1707cac"`;
